// Jest Snapshot v1, https://goo.gl/fbAQLP

exports[`Home matches snapshot 1`] = `
<div>
  <div>
    <p>
      Some 
      <strong>
        mdx
      </strong>
       text, with a component 
      I'm a React component!
    </p>
  </div>
</div>
`;
