// Jest Snapshot v1, https://goo.gl/fbAQLP

exports[`Home renders a heading and matches snapshot 1`] = `
<div>
  <main
    class="min-h-full min-w-full flex flex-col p-4"
  >
    <h1
      class="text-red-500"
      data-testid="heading"
    >
      Hi there!
    </h1>
  </main>
</div>
`;
